// Jest Snapshot v1, https://goo.gl/fbAQLP

exports[`Single Component Shoul return a single component 1`] = `[Function]`;
