// Jest Snapshot v1, https://goo.gl/fbAQLP

exports[`Loader Should return the Navigation Bar 1`] = `[Function]`;
