// Jest Snapshot v1, https://goo.gl/fbAQLP

exports[`Home Page Should render the Home Page 1`] = `[Function]`;
