// Jest Snapshot v1, https://goo.gl/fbAQLP

exports[`Button Component Should return the Loader 1`] = `[Function]`;
