// Jest Snapshot v1, https://goo.gl/fbAQLP

exports[`SearchBar Should return the Search Bar 1`] = `[Function]`;
