// Jest Snapshot v1, https://goo.gl/fbAQLP

exports[`Loader Should return the Loader 1`] = `[Function]`;

exports[`Loader Shouldreturn the small Loader 1`] = `[Function]`;
